MPLINK 5.09, LINKER
Linker Map File - Created Fri Nov 06 20:11:19 2020

                                 Section Info
                  Section       Type    Address   Location Size(Bytes)
                ---------  ---------  ---------  ---------  ---------
                   .org_0       code   0x000000    program   0x000004
                   .cinit    romdata   0x000002    program   0x000004
                   .org_1       code   0x000004    program   0x000028
.config_2007_BUILD/DEFAULT/PRODUCTION/ILKDOSY       code   0x002007    program   0x000002



                              Program Memory Usage 
                               Start         End      
                           ---------   ---------      
                            0x000000    0x000017      
                            0x002007    0x002007      
            25 out of 8454 program addresses used, program memory utilization is 0%



                              Symbols - Sorted by Name
                     Name    Address   Location    Storage File                     
                ---------  ---------  ---------  --------- ---------                
                    BASLA   0x00000d    program     static C:\Users\ay-_-\MPLABXProjects\ders1.X\ilkDosya.asm
                  GECIKME   0x000004    program     static C:\Users\ay-_-\MPLABXProjects\ders1.X\ilkDosya.asm
                    KILIT   0x000013    program     static C:\Users\ay-_-\MPLABXProjects\ders1.X\ilkDosya.asm
                       L1   0x000006    program     static C:\Users\ay-_-\MPLABXProjects\ders1.X\ilkDosya.asm
                       L2   0x000008    program     static C:\Users\ay-_-\MPLABXProjects\ders1.X\ilkDosya.asm



                              Symbols - Sorted by Address
                     Name    Address   Location    Storage File                     
                ---------  ---------  ---------  --------- ---------                
                  GECIKME   0x000004    program     static C:\Users\ay-_-\MPLABXProjects\ders1.X\ilkDosya.asm
                       L1   0x000006    program     static C:\Users\ay-_-\MPLABXProjects\ders1.X\ilkDosya.asm
                       L2   0x000008    program     static C:\Users\ay-_-\MPLABXProjects\ders1.X\ilkDosya.asm
                    BASLA   0x00000d    program     static C:\Users\ay-_-\MPLABXProjects\ders1.X\ilkDosya.asm
                    KILIT   0x000013    program     static C:\Users\ay-_-\MPLABXProjects\ders1.X\ilkDosya.asm


