MPLINK 5.09, LINKER
Linker Map File - Created Sat Nov 07 03:13:47 2020

                                 Section Info
                  Section       Type    Address   Location Size(Bytes)
                ---------  ---------  ---------  ---------  ---------
                   .org_0       code   0x000000    program   0x000004
                   .cinit    romdata   0x000002    program   0x000004
                   .org_1       code   0x000004    program   0x000028
.config_2007_BUILD/DEFAULT/PRODUCTION/ZAMANGE       code   0x002007    program   0x000002



                              Program Memory Usage 
                               Start         End      
                           ---------   ---------      
                            0x000000    0x000017      
                            0x002007    0x002007      
            25 out of 8454 program addresses used, program memory utilization is 0%



                              Symbols - Sorted by Name
                     Name    Address   Location    Storage File                     
                ---------  ---------  ---------  --------- ---------                
                    BASLA   0x00000d    program     static C:\Users\ay-_-\OneDrive\Documents\GitHub\PIC16F877A-Projects\microDers2\ders2.X\zamanGecikmesi.asm
                    DONGU   0x000012    program     static C:\Users\ay-_-\OneDrive\Documents\GitHub\PIC16F877A-Projects\microDers2\ders2.X\zamanGecikmesi.asm
                  GECIKME   0x000004    program     static C:\Users\ay-_-\OneDrive\Documents\GitHub\PIC16F877A-Projects\microDers2\ders2.X\zamanGecikmesi.asm
                     LOOP   0x000008    program     static C:\Users\ay-_-\OneDrive\Documents\GitHub\PIC16F877A-Projects\microDers2\ders2.X\zamanGecikmesi.asm
                    LOOP2   0x000006    program     static C:\Users\ay-_-\OneDrive\Documents\GitHub\PIC16F877A-Projects\microDers2\ders2.X\zamanGecikmesi.asm



                              Symbols - Sorted by Address
                     Name    Address   Location    Storage File                     
                ---------  ---------  ---------  --------- ---------                
                  GECIKME   0x000004    program     static C:\Users\ay-_-\OneDrive\Documents\GitHub\PIC16F877A-Projects\microDers2\ders2.X\zamanGecikmesi.asm
                    LOOP2   0x000006    program     static C:\Users\ay-_-\OneDrive\Documents\GitHub\PIC16F877A-Projects\microDers2\ders2.X\zamanGecikmesi.asm
                     LOOP   0x000008    program     static C:\Users\ay-_-\OneDrive\Documents\GitHub\PIC16F877A-Projects\microDers2\ders2.X\zamanGecikmesi.asm
                    BASLA   0x00000d    program     static C:\Users\ay-_-\OneDrive\Documents\GitHub\PIC16F877A-Projects\microDers2\ders2.X\zamanGecikmesi.asm
                    DONGU   0x000012    program     static C:\Users\ay-_-\OneDrive\Documents\GitHub\PIC16F877A-Projects\microDers2\ders2.X\zamanGecikmesi.asm


